### BTest baseline data generated by btest-diff. Do not edit. Use "btest -U/-u" to update. Requires BTest >= 0.63.
id|b|i|e|c|p|sn|a|d|t|iv|s|sc|ss|se|vc|ve|f|vo|so
1|t|-42|SSH::LOG|21|123|10.0.0.0/24|1.2.3.4|3.14|XXXXXXXXXX.XXXXXX|100|hurz|{4,2,3,1}|{CC,BB,AA}||{10,20,30}||SSHTest::foo
{ 
if (0 < SSHTest::i) 
	return (Foo);
else
	return (Bar);

}||
2|t|-42|SSH::LOG|21|123|10.0.0.0/24|1.2.3.4|3.14|XXXXXXXXXX.XXXXXX|100|hurz|{4,2,3,1}|{"\"","{\"\"\\hello","a	b
cd~e","{{{{{}'","","\\\"\\{}"}||{10,20,30}||SSHTest::foo
{ 
if (0 < SSHTest::i) 
	return (Foo);
else
	return (Bar);

}||
(2 rows)
