### BTest baseline data generated by btest-diff. Do not edit. Use "btest -U/-u" to update. Requires BTest >= 0.63.
id|b|i|e|c|p|sn|a|d|t|iv|s|sc|ss|se|vc|ve|f
1|t|-42|SSH::LOG|21|123|10.0.0.0/24|1.2.3.4|3.14|XXXXXXXXXX.XXXXXX|100|\x6875727a|{4,2,3,1}|{"\\x4343","\\x4242","\\x4141"}|{}|{10,20,30}|{}|\x535348546573743a3a666f6f0a7b200a6966202830203c20535348546573743a3a6929200a0972657475726e2028466f6f293b0a656c73650a0972657475726e2028426172293b0a0a7d
(1 row)
