### BTest baseline data generated by btest-diff. Do not edit. Use "btest -U/-u" to update. Requires BTest >= 0.63.
id|ts|uid|id.orig_h|id.orig_p|id.resp_h|id.resp_p|proto|service|duration|orig_bytes|resp_bytes|conn_state|local_orig|local_resp|missed_bytes|history|orig_pkts|orig_ip_bytes|resp_pkts|resp_ip_bytes|tunnel_parents
1|XXXXXXXXXX.XXXXXX|CHhAvVGS1DHFjwGM9|141.142.220.202|5353|224.0.0.251|5353|udp|dns||||S0|f|f|0|D|1|73|0|0|
2|XXXXXXXXXX.XXXXXX|ClEkJM2Vm5giqnMf4h|fe80::217:f2ff:fed7:cf65|5353|ff02::fb|5353|udp|dns||||S0|t|f|0|D|1|199|0|0|
3|XXXXXXXXXX.XXXXXX|C4J4Th3PJpwUYZZ6gc|141.142.220.50|5353|224.0.0.251|5353|udp|dns||||S0|f|f|0|D|1|179|0|0|
4|XXXXXXXXXX.XXXXXX|CmES5u32sYpV7JYN|141.142.220.118|43927|141.142.2.2|53|udp|dns|0.000435|38|89|SF|f|f|0|Dd|1|66|1|117|
5|XXXXXXXXXX.XXXXXX|CP5puj4I8PtEU4qzYg|141.142.220.118|37676|141.142.2.2|53|udp|dns|0.00042|52|99|SF|f|f|0|Dd|1|80|1|127|
6|XXXXXXXXXX.XXXXXX|C37jN32gN3y3AZzyf6|141.142.220.118|40526|141.142.2.2|53|udp|dns|0.000392|38|183|SF|f|f|0|Dd|1|66|1|211|
7|XXXXXXXXXX.XXXXXX|C0LAHyvtKSQHyJxIl|141.142.220.118|32902|141.142.2.2|53|udp|dns|0.000317|38|89|SF|f|f|0|Dd|1|66|1|117|
8|XXXXXXXXXX.XXXXXX|CFLRIC3zaTU1loLGxh|141.142.220.118|59816|141.142.2.2|53|udp|dns|0.000343|52|99|SF|f|f|0|Dd|1|80|1|127|
9|XXXXXXXXXX.XXXXXX|C9rXSW3KSpTYvPrlI1|141.142.220.118|59714|141.142.2.2|53|udp|dns|0.000375|38|183|SF|f|f|0|Dd|1|66|1|211|
10|XXXXXXXXXX.XXXXXX|C9mvWx3ezztgzcexV7|141.142.220.118|58206|141.142.2.2|53|udp|dns|0.000339|38|89|SF|f|f|0|Dd|1|66|1|117|
11|XXXXXXXXXX.XXXXXX|CNnMIj2QSd84NKf7U3|141.142.220.118|38911|141.142.2.2|53|udp|dns|0.000335|52|99|SF|f|f|0|Dd|1|80|1|127|
12|XXXXXXXXXX.XXXXXX|C7fIlMZDuRiqjpYbb|141.142.220.118|59746|141.142.2.2|53|udp|dns|0.000421|38|183|SF|f|f|0|Dd|1|66|1|211|
13|XXXXXXXXXX.XXXXXX|CpmdRlaUoJLN3uIRa|141.142.220.118|45000|141.142.2.2|53|udp|dns|0.000384|38|89|SF|f|f|0|Dd|1|66|1|117|
14|XXXXXXXXXX.XXXXXX|C1Xkzz2MaGtLrc1Tla|141.142.220.118|48479|141.142.2.2|53|udp|dns|0.000317|52|99|SF|f|f|0|Dd|1|80|1|127|
15|XXXXXXXXXX.XXXXXX|CqlVyW1YwZ15RhTBc4|141.142.220.118|48128|141.142.2.2|53|udp|dns|0.000423|38|183|SF|f|f|0|Dd|1|66|1|211|
16|XXXXXXXXXX.XXXXXX|CBA8792iHmnhPLksKa|141.142.220.118|56056|141.142.2.2|53|udp|dns|0.000402|36|131|SF|f|f|0|Dd|1|64|1|159|
17|XXXXXXXXXX.XXXXXX|CGLPPc35OzDQij1XX8|141.142.220.118|55092|141.142.2.2|53|udp|dns|0.000374|36|198|SF|f|f|0|Dd|1|64|1|226|
18|XXXXXXXXXX.XXXXXX|Cipfzj1BEnhejw8cGf|141.142.220.44|5353|224.0.0.251|5353|udp|dns||||S0|f|f|0|D|1|85|0|0|
19|XXXXXXXXXX.XXXXXX|CV5WJ42jPYbNW9JNWf|141.142.220.226|137|141.142.220.255|137|udp|dns|2.613017|350|0|S0|f|f|0|D|7|546|0|0|
20|XXXXXXXXXX.XXXXXX|CPhDKt12KQPUVbQz06|fe80::3074:17d5:2052:c324|65373|ff02::1:3|5355|udp|dns|0.100096|66|0|S0|t|f|0|D|2|162|0|0|
21|XXXXXXXXXX.XXXXXX|CAnFrb2Cvxr5T7quOc|141.142.220.226|55131|224.0.0.252|5355|udp|dns|0.100021|66|0|S0|f|f|0|D|2|122|0|0|
22|XXXXXXXXXX.XXXXXX|C8rquZ3DjgNW06JGLl|fe80::3074:17d5:2052:c324|54213|ff02::1:3|5355|udp|dns|0.099801|66|0|S0|t|f|0|D|2|162|0|0|
23|XXXXXXXXXX.XXXXXX|CzrZOtXqhwwndQva3|141.142.220.226|55671|224.0.0.252|5355|udp|dns|0.099849|66|0|S0|f|f|0|D|2|122|0|0|
24|XXXXXXXXXX.XXXXXX|CaGCc13FffXe6RkQl9|141.142.220.238|56641|141.142.220.255|137|udp|dns||||S0|f|f|0|D|1|78|0|0|
25|XXXXXXXXXX.XXXXXX|CtPZjS20MLrsMUOJi2|141.142.220.118|35634|208.80.152.2|80|tcp||0.061329|463|350|OTH|f|f|0|DdA|2|567|1|402|
26|XXXXXXXXXX.XXXXXX|CiyBAq1bBLNaTiTAc|141.142.220.118|35642|208.80.152.2|80|tcp|http|0.120041|534|412|S1|f|f|0|ShADad|4|750|3|576|
27|XXXXXXXXXX.XXXXXX|C3eiCBGOLw3VtHfOj|141.142.220.118|49996|208.80.152.3|80|tcp|http|0.218501|1171|733|S1|f|f|0|ShADad|6|1491|4|949|
28|XXXXXXXXXX.XXXXXX|CwjjYJ2WqgTbAqiHl6|141.142.220.118|49997|208.80.152.3|80|tcp|http|0.21972|1125|734|S1|f|f|0|ShADad|6|1445|4|950|
29|XXXXXXXXXX.XXXXXX|Ck51lg1bScffFj34Ri|141.142.220.118|49998|208.80.152.3|80|tcp|http|0.215893|1130|734|S1|f|f|0|ShADad|6|1450|4|950|
30|XXXXXXXXXX.XXXXXX|CykQaM33ztNt0csB9a|141.142.220.118|49999|208.80.152.3|80|tcp|http|0.220961|1137|733|S1|f|f|0|ShADad|6|1457|4|949|
31|XXXXXXXXXX.XXXXXX|CtxTCR2Yer0FR1tIBg|141.142.220.118|50000|208.80.152.3|80|tcp|http|0.229603|1148|734|S1|f|f|0|ShADad|6|1468|4|950|
32|XXXXXXXXXX.XXXXXX|CLNN1k2QMum1aexUK7|141.142.220.118|50001|208.80.152.3|80|tcp|http|0.227284|1178|734|S1|f|f|0|ShADad|6|1498|4|950|
33|XXXXXXXXXX.XXXXXX|CUM0KZ3MLUfNB0cl11|141.142.220.118|48649|208.80.152.118|80|tcp|http|0.119905|525|232|S1|f|f|0|ShADad|4|741|3|396|
34|XXXXXXXXXX.XXXXXX|CFSwNi4CNGxcuffo49|141.142.220.235|6705|173.192.163.128|80|tcp|||||OTH|f|f|0|^h|0|0|1|48|
(34 rows)
